cd
Becca@BeccaHP MINGW64 ~
$ cd Documents/GitHub/GitCtrl/

Becca@BeccaHP MINGW64 ~/Documents/GitHub/GitCtrl (master)
$ git status
On branch master
Your branch is up-to-date with 'origin/master'.
Changes not staged for commit:
  (use "git add <file>..." to update what will be committed)
  (use "git checkout -- <file>..." to discard changes in working directory)

        modified:   PITCHME.md
        modified:   PITCHME.yaml

no changes added to commit (use "git add" and/or "git commit -a")

Becca@BeccaHP MINGW64 ~/Documents/GitHub/GitCtrl (master)
$ git add -A
warning: LF will be replaced by CRLF in PITCHME.md.
The file will have its original line endings in your working directory.
warning: LF will be replaced by CRLF in PITCHME.yaml.
The file will have its original line endings in your working directory.

Becca@BeccaHP MINGW64 ~/Documents/GitHub/GitCtrl (master)
$ git commit -m "first slide edits"
[master 4804c17] first slide edits
 2 files changed, 4 insertions(+), 3 deletions(-)

Becca@BeccaHP MINGW64 ~/Documents/GitHub/GitCtrl (master)
$ git status
On branch master
Your branch is ahead of 'origin/master' by 1 commit.
  (use "git push" to publish your local commits)
nothing to commit, working tree clean

Becca@BeccaHP MINGW64 ~/Documents/GitHub/GitCtrl (master)
$ git push
fatal: HttpRequestException encountered.
   An error occurred while sending the request.

Unhandled Exception: System.ObjectDisposedException: Cannot access a closed file                                                                                                                .
   at System.IO.__Error.FileNotOpen()
   at System.IO.FileStream.Flush(Boolean flushToDisk)
   at System.IO.StreamWriter.Flush(Boolean flushStream, Boolean flushEncoder)
   at Microsoft.Alm.Git.Trace.Microsoft.Alm.Git.ITrace.Flush()
   at Microsoft.Alm.Cli.Program.Die(String message)
   at Microsoft.Alm.Cli.Program.Die(Exception exception)
   at Microsoft.Alm.Cli.Program.Main(String[] args)
Username for 'https://github.com': rjp43
Counting objects: 4, done.
Delta compression using up to 4 threads.
Compressing objects: 100% (4/4), done.
Writing objects: 100% (4/4), 561 bytes | 0 bytes/s, done.
Total 4 (delta 2), reused 0 (delta 0)
remote: Resolving deltas: 100% (2/2), completed with 2 local objects.
To https://github.com/RJP43/GitCtrl.git
   4edf7f7..4804c17  master -> master

Becca@BeccaHP MINGW64 ~/Documents/GitHub/GitCtrl (master)
$ git add -A
warning: LF will be replaced by CRLF in PITCHME.md.
The file will have its original line endings in your working directory.

Becca@BeccaHP MINGW64 ~/Documents/GitHub/GitCtrl (master)
$ git commit -m "first slide edits"
[master dd0b186] first slide edits
 1 file changed, 3 insertions(+), 3 deletions(-)

Becca@BeccaHP MINGW64 ~/Documents/GitHub/GitCtrl (master)
$ git push
fatal: HttpRequestException encountered.
   An error occurred while sending the request.

Unhandled Exception: System.ObjectDisposedException: Cannot access a closed file                                                                                                                .
   at System.IO.__Error.FileNotOpen()
   at System.IO.FileStream.Flush(Boolean flushToDisk)
   at System.IO.StreamWriter.Flush(Boolean flushStream, Boolean flushEncoder)
   at Microsoft.Alm.Git.Trace.Microsoft.Alm.Git.ITrace.Flush()
   at Microsoft.Alm.Cli.Program.Die(String message)
   at Microsoft.Alm.Cli.Program.Die(Exception exception)
   at Microsoft.Alm.Cli.Program.Main(String[] args)
Username for 'https://github.com': rjp43
Counting objects: 3, done.
Delta compression using up to 4 threads.
Compressing objects: 100% (3/3), done.
Writing objects: 100% (3/3), 325 bytes | 0 bytes/s, done.
Total 3 (delta 2), reused 0 (delta 0)
remote: Resolving deltas: 100% (2/2), completed with 2 local objects.
To https://github.com/RJP43/GitCtrl.git
   4804c17..dd0b186  master -> master

Becca@BeccaHP MINGW64 ~/Documents/GitHub/GitCtrl (master)
$ git add -A
warning: LF will be replaced by CRLF in PITCHME.md.
The file will have its original line endings in your working directory.

Becca@BeccaHP MINGW64 ~/Documents/GitHub/GitCtrl (master)
$ git commit -m "first slide edits"
[master 5bdb6df] first slide edits
 1 file changed, 3 insertions(+), 2 deletions(-)

Becca@BeccaHP MINGW64 ~/Documents/GitHub/GitCtrl (master)
$ git push
fatal: HttpRequestException encountered.
   An error occurred while sending the request.

Unhandled Exception: System.ObjectDisposedException: Cannot access a closed file                                                                                                                .
   at System.IO.__Error.FileNotOpen()
   at System.IO.FileStream.Flush(Boolean flushToDisk)
   at System.IO.StreamWriter.Flush(Boolean flushStream, Boolean flushEncoder)
   at Microsoft.Alm.Git.Trace.Microsoft.Alm.Git.ITrace.Flush()
   at Microsoft.Alm.Cli.Program.Die(String message)
   at Microsoft.Alm.Cli.Program.Die(Exception exception)
   at Microsoft.Alm.Cli.Program.Main(String[] args)
Username for 'https://github.com': rjp43
Counting objects: 3, done.
Delta compression using up to 4 threads.
Compressing objects: 100% (3/3), done.
Writing objects: 100% (3/3), 342 bytes | 0 bytes/s, done.
Total 3 (delta 2), reused 0 (delta 0)
remote: Resolving deltas: 100% (2/2), completed with 2 local objects.
To https://github.com/RJP43/GitCtrl.git
   dd0b186..5bdb6df  master -> master

Becca@BeccaHP MINGW64 ~/Documents/GitHub/GitCtrl (master)
$ git add -A
warning: LF will be replaced by CRLF in PITCHME.md.
The file will have its original line endings in your working directory.
warning: LF will be replaced by CRLF in PITCHME.yaml.
The file will have its original line endings in your working directory.

Becca@BeccaHP MINGW64 ~/Documents/GitHub/GitCtrl (master)
$ git commit -m "first slide edits"
[master f91f9ab] first slide edits
 2 files changed, 4 insertions(+), 4 deletions(-)

Becca@BeccaHP MINGW64 ~/Documents/GitHub/GitCtrl (master)
$ git push
fatal: HttpRequestException encountered.
   An error occurred while sending the request.

Unhandled Exception: System.ObjectDisposedException: Cannot access a closed file                                                                                                                .
   at System.IO.__Error.FileNotOpen()
   at System.IO.FileStream.Flush(Boolean flushToDisk)
   at System.IO.StreamWriter.Flush(Boolean flushStream, Boolean flushEncoder)
   at Microsoft.Alm.Git.Trace.Microsoft.Alm.Git.ITrace.Flush()
   at Microsoft.Alm.Cli.Program.Die(String message)
   at Microsoft.Alm.Cli.Program.Die(Exception exception)
   at Microsoft.Alm.Cli.Program.Main(String[] args)
Username for 'https://github.com': rjp43
Counting objects: 4, done.
Delta compression using up to 4 threads.
Compressing objects: 100% (4/4), done.
Writing objects: 100% (4/4), 493 bytes | 0 bytes/s, done.
Total 4 (delta 2), reused 0 (delta 0)
remote: Resolving deltas: 100% (2/2), completed with 2 local objects.
To https://github.com/RJP43/GitCtrl.git
   5bdb6df..f91f9ab  master -> master

Becca@BeccaHP MINGW64 ~/Documents/GitHub/GitCtrl (master)
$ git status
On branch master
Your branch is up-to-date with 'origin/master'.
Changes not staged for commit:
  (use "git add <file>..." to update what will be committed)
  (use "git checkout -- <file>..." to discard changes in working directory)

        modified:   PITCHME.md

no changes added to commit (use "git add" and/or "git commit -a")

Becca@BeccaHP MINGW64 ~/Documents/GitHub/GitCtrl (master)
$ git add -A
warning: LF will be replaced by CRLF in PITCHME.md.
The file will have its original line endings in your working directory.

Becca@BeccaHP MINGW64 ~/Documents/GitHub/GitCtrl (master)
$ git status
On branch master
Your branch is up-to-date with 'origin/master'.
Changes to be committed:
  (use "git reset HEAD <file>..." to unstage)

        modified:   PITCHME.md


Becca@BeccaHP MINGW64 ~/Documents/GitHub/GitCtrl (master)
$ git commit -m "adding image test"
[master 2e8f521] adding image test
 1 file changed, 2 insertions(+), 1 deletion(-)

Becca@BeccaHP MINGW64 ~/Documents/GitHub/GitCtrl (master)
$ git status
On branch master
Your branch is ahead of 'origin/master' by 1 commit.
  (use "git push" to publish your local commits)
nothing to commit, working tree clean

Becca@BeccaHP MINGW64 ~/Documents/GitHub/GitCtrl (master)
$ git push
fatal: HttpRequestException encountered.
   An error occurred while sending the request.

Unhandled Exception: System.ObjectDisposedException: Cannot access a closed file                                                                                                                .
   at System.IO.__Error.FileNotOpen()
   at System.IO.FileStream.Flush(Boolean flushToDisk)
   at System.IO.StreamWriter.Flush(Boolean flushStream, Boolean flushEncoder)
   at Microsoft.Alm.Git.Trace.Microsoft.Alm.Git.ITrace.Flush()
   at Microsoft.Alm.Cli.Program.Die(String message)
   at Microsoft.Alm.Cli.Program.Die(Exception exception)
   at Microsoft.Alm.Cli.Program.Main(String[] args)
Username for 'https://github.com': rjp43
remote: Invalid username or password.
fatal: Authentication failed for 'https://github.com/RJP43/GitCtrl.git/'

Becca@BeccaHP MINGW64 ~/Documents/GitHub/GitCtrl (master)
$ git push
fatal: HttpRequestException encountered.
   An error occurred while sending the request.

Unhandled Exception: System.ObjectDisposedException: Cannot access a closed file                                                                                                                .
   at System.IO.__Error.FileNotOpen()
   at System.IO.FileStream.Flush(Boolean flushToDisk)
   at System.IO.StreamWriter.Flush(Boolean flushStream, Boolean flushEncoder)
   at Microsoft.Alm.Git.Trace.Microsoft.Alm.Git.ITrace.Flush()
   at Microsoft.Alm.Cli.Program.Die(String message)
   at Microsoft.Alm.Cli.Program.Die(Exception exception)
   at Microsoft.Alm.Cli.Program.Main(String[] args)
Username for 'https://github.com': rjp43
Counting objects: 3, done.
Delta compression using up to 4 threads.
Compressing objects: 100% (3/3), done.
Writing objects: 100% (3/3), 371 bytes | 0 bytes/s, done.
Total 3 (delta 2), reused 0 (delta 0)
remote: Resolving deltas: 100% (2/2), completed with 2 local objects.
To https://github.com/RJP43/GitCtrl.git
   f91f9ab..2e8f521  master -> master

Becca@BeccaHP MINGW64 ~/Documents/GitHub/GitCtrl (master)
$ git status
On branch master
Your branch is up-to-date with 'origin/master'.
Changes not staged for commit:
  (use "git add <file>..." to update what will be committed)
  (use "git checkout -- <file>..." to discard changes in working directory)

        modified:   PITCHME.md

Untracked files:
  (use "git add <file>..." to include in what will be committed)

        assets/image/Remote_LocalFORKEDworkflow.png
        assets/image/Remote_LocalWORKFLOW.png
        assets/image/gitNOTgithub.png
        assets/image/octocat_ComputerFriends_diffANDanglebrackets.jpg
        assets/image/octocat_Surprise.jpg

no changes added to commit (use "git add" and/or "git commit -a")

Becca@BeccaHP MINGW64 ~/Documents/GitHub/GitCtrl (master)
$ git add -A
warning: LF will be replaced by CRLF in PITCHME.md.
The file will have its original line endings in your working directory.

Becca@BeccaHP MINGW64 ~/Documents/GitHub/GitCtrl (master)
$ git commit -m "adding images to grab URL"
[master a4bce93] adding images to grab URL
 6 files changed, 1 insertion(+), 1 deletion(-)
 create mode 100644 assets/image/Remote_LocalFORKEDworkflow.png
 create mode 100644 assets/image/Remote_LocalWORKFLOW.png
 create mode 100644 assets/image/gitNOTgithub.png
 create mode 100644 assets/image/octocat_ComputerFriends_diffANDanglebrackets.jp                                                                                                                g
 create mode 100644 assets/image/octocat_Surprise.jpg

Becca@BeccaHP MINGW64 ~/Documents/GitHub/GitCtrl (master)
$ git status
On branch master
Your branch is ahead of 'origin/master' by 1 commit.
  (use "git push" to publish your local commits)
nothing to commit, working tree clean

Becca@BeccaHP MINGW64 ~/Documents/GitHub/GitCtrl (master)
$ git push
fatal: HttpRequestException encountered.
   An error occurred while sending the request.

Unhandled Exception: System.ObjectDisposedException: Cannot access a closed file                                                                                                                .
   at System.IO.__Error.FileNotOpen()
   at System.IO.FileStream.Flush(Boolean flushToDisk)
   at System.IO.StreamWriter.Flush(Boolean flushStream, Boolean flushEncoder)
   at Microsoft.Alm.Git.Trace.Microsoft.Alm.Git.ITrace.Flush()
   at Microsoft.Alm.Cli.Program.Die(String message)
   at Microsoft.Alm.Cli.Program.Die(Exception exception)
   at Microsoft.Alm.Cli.Program.Main(String[] args)
Username for 'https://github.com': rjp43
Counting objects: 10, done.
Delta compression using up to 4 threads.
Compressing objects: 100% (10/10), done.
Writing objects: 100% (10/10), 894.03 KiB | 0 bytes/s, done.
Total 10 (delta 1), reused 0 (delta 0)
remote: Resolving deltas: 100% (1/1), completed with 1 local object.
To https://github.com/RJP43/GitCtrl.git
   2e8f521..a4bce93  master -> master

Becca@BeccaHP MINGW64 ~/Documents/GitHub/GitCtrl (master)
$ git status
On branch master
Your branch is up-to-date with 'origin/master'.
Changes not staged for commit:
  (use "git add <file>..." to update what will be committed)
  (use "git checkout -- <file>..." to discard changes in working directory)

        modified:   PITCHME.md

no changes added to commit (use "git add" and/or "git commit -a")

Becca@BeccaHP MINGW64 ~/Documents/GitHub/GitCtrl (master)
$ git add -A
warning: LF will be replaced by CRLF in PITCHME.md.
The file will have its original line endings in your working directory.

Becca@BeccaHP MINGW64 ~/Documents/GitHub/GitCtrl (master)
$ git commit -m "slide 1: surprised octocat"
[master bd444fd] slide 1: surprised octocat
 1 file changed, 1 insertion(+), 1 deletion(-)

Becca@BeccaHP MINGW64 ~/Documents/GitHub/GitCtrl (master)
$ git status
On branch master
Your branch is ahead of 'origin/master' by 1 commit.
  (use "git push" to publish your local commits)
nothing to commit, working tree clean

Becca@BeccaHP MINGW64 ~/Documents/GitHub/GitCtrl (master)
$ git push
fatal: HttpRequestException encountered.
   An error occurred while sending the request.

Unhandled Exception: System.ObjectDisposedException: Cannot access a closed file                                                                                                                .
   at System.IO.__Error.FileNotOpen()
   at System.IO.FileStream.Flush(Boolean flushToDisk)
   at System.IO.StreamWriter.Flush(Boolean flushStream, Boolean flushEncoder)
   at Microsoft.Alm.Git.Trace.Microsoft.Alm.Git.ITrace.Flush()
   at Microsoft.Alm.Cli.Program.Die(String message)
   at Microsoft.Alm.Cli.Program.Die(Exception exception)
   at Microsoft.Alm.Cli.Program.Main(String[] args)
Username for 'https://github.com': rjp43
Counting objects: 3, done.
Delta compression using up to 4 threads.
Compressing objects: 100% (3/3), done.
Writing objects: 100% (3/3), 464 bytes | 0 bytes/s, done.
Total 3 (delta 2), reused 0 (delta 0)
remote: Resolving deltas: 100% (2/2), completed with 2 local objects.
To https://github.com/RJP43/GitCtrl.git
   a4bce93..bd444fd  master -> master

Becca@BeccaHP MINGW64 ~/Documents/GitHub/GitCtrl (master)
$ git status
On branch master
Your branch is up-to-date with 'origin/master'.
Changes not staged for commit:
  (use "git add <file>..." to update what will be committed)
  (use "git checkout -- <file>..." to discard changes in working directory)

        modified:   PITCHME.md

no changes added to commit (use "git add" and/or "git commit -a")

Becca@BeccaHP MINGW64 ~/Documents/GitHub/GitCtrl (master)
$ git add -A
warning: LF will be replaced by CRLF in PITCHME.md.
The file will have its original line endings in your working directory.

Becca@BeccaHP MINGW64 ~/Documents/GitHub/GitCtrl (master)
$ git commit -m "fixing Slide 1: Surprised OctoCat image"
[master 08b29cb] fixing Slide 1: Surprised OctoCat image
 1 file changed, 4 insertions(+), 2 deletions(-)

Becca@BeccaHP MINGW64 ~/Documents/GitHub/GitCtrl (master)
$ git status
On branch master
Your branch is ahead of 'origin/master' by 1 commit.
  (use "git push" to publish your local commits)
nothing to commit, working tree clean

Becca@BeccaHP MINGW64 ~/Documents/GitHub/GitCtrl (master)
$ git push
fatal: HttpRequestException encountered.
   An error occurred while sending the request.

Unhandled Exception: System.ObjectDisposedException: Cannot access a closed file                                                                                                                .
   at System.IO.__Error.FileNotOpen()
   at System.IO.FileStream.Flush(Boolean flushToDisk)
   at System.IO.StreamWriter.Flush(Boolean flushStream, Boolean flushEncoder)
   at Microsoft.Alm.Git.Trace.Microsoft.Alm.Git.ITrace.Flush()
   at Microsoft.Alm.Cli.Program.Die(String message)
   at Microsoft.Alm.Cli.Program.Die(Exception exception)
   at Microsoft.Alm.Cli.Program.Main(String[] args)
Username for 'https://github.com': rjp43
Counting objects: 3, done.
Delta compression using up to 4 threads.
Compressing objects: 100% (3/3), done.
Writing objects: 100% (3/3), 345 bytes | 0 bytes/s, done.
Total 3 (delta 2), reused 0 (delta 0)
remote: Resolving deltas: 100% (2/2), completed with 2 local objects.
To https://github.com/RJP43/GitCtrl.git
   bd444fd..08b29cb  master -> master

Becca@BeccaHP MINGW64 ~/Documents/GitHub/GitCtrl (master)
$ git add -A
warning: LF will be replaced by CRLF in PITCHME.md.
The file will have its original line endings in your working directory.

Becca@BeccaHP MINGW64 ~/Documents/GitHub/GitCtrl (master)
$ git commit -m "messing with opacity"
[master 814ddea] messing with opacity
 1 file changed, 1 insertion(+), 1 deletion(-)

Becca@BeccaHP MINGW64 ~/Documents/GitHub/GitCtrl (master)
$ git status
On branch master
Your branch is ahead of 'origin/master' by 1 commit.
  (use "git push" to publish your local commits)
nothing to commit, working tree clean

Becca@BeccaHP MINGW64 ~/Documents/GitHub/GitCtrl (master)
$ git push
fatal: HttpRequestException encountered.
   An error occurred while sending the request.

Unhandled Exception: System.ObjectDisposedException: Cannot access a closed file                                                                                                                .
   at System.IO.__Error.FileNotOpen()
   at System.IO.FileStream.Flush(Boolean flushToDisk)
   at System.IO.StreamWriter.Flush(Boolean flushStream, Boolean flushEncoder)
   at Microsoft.Alm.Git.Trace.Microsoft.Alm.Git.ITrace.Flush()
   at Microsoft.Alm.Cli.Program.Die(String message)
   at Microsoft.Alm.Cli.Program.Die(Exception exception)
   at Microsoft.Alm.Cli.Program.Main(String[] args)
Username for 'https://github.com': rjp43
Counting objects: 3, done.
Delta compression using up to 4 threads.
Compressing objects: 100% (3/3), done.
Writing objects: 100% (3/3), 309 bytes | 0 bytes/s, done.
Total 3 (delta 2), reused 0 (delta 0)
remote: Resolving deltas: 100% (2/2), completed with 2 local objects.
To https://github.com/RJP43/GitCtrl.git
   08b29cb..814ddea  master -> master

Becca@BeccaHP MINGW64 ~/Documents/GitHub/GitCtrl (master)
$ ^C

Becca@BeccaHP MINGW64 ~/Documents/GitHub/GitCtrl (master)
$
